// Jest Snapshot v1, https://goo.gl/fbAQLP

exports[`Input should render input successfully 1`] = `
<body>
  <div>
    <div
      class="relative flex gap-1 flex-col"
    >
      <input
        class="text-sm sm:text-base relative w-full border rounded placeholder-gray-400 focus:border-indigo-400 focus:outline-none px-4 py-3"
        placeholder="Search ..."
      />
    </div>
  </div>
</body>
`;

exports[`Input should render input with icon and error successfully 1`] = `
<body>
  <div>
    <div
      class="relative flex gap-1 flex-col"
    >
      <div
        class="absolute z-10 h-5 w-5 right-4 top-[14px]"
      >
        <svg
          fill="none"
          height="15"
          viewBox="0 0 15 15"
          width="15"
          xmlns="http://www.w3.org/2000/svg"
        >
          <path
            clip-rule="evenodd"
            d="M10 6.5C10 8.433 8.433 10 6.5 10C4.567 10 3 8.433 3 6.5C3 4.567 4.567 3 6.5 3C8.433 3 10 4.567 10 6.5ZM9.30884 10.0159C8.53901 10.6318 7.56251 11 6.5 11C4.01472 11 2 8.98528 2 6.5C2 4.01472 4.01472 2 6.5 2C8.98528 2 11 4.01472 11 6.5C11 7.56251 10.6318 8.53901 10.0159 9.30884L12.8536 12.1464C13.0488 12.3417 13.0488 12.6583 12.8536 12.8536C12.6583 13.0488 12.3417 13.0488 12.1464 12.8536L9.30884 10.0159Z"
            fill="currentColor"
            fill-rule="evenodd"
          />
        </svg>
      </div>
      <input
        class="text-sm sm:text-base relative w-full border rounded placeholder-gray-400 focus:border-indigo-400 focus:outline-none py-3 pr-10 pl-4 border-red-500"
        placeholder="Search ..."
      />
      <span
        class="text-red-500 text-sm"
      >
        should be filled
      </span>
    </div>
  </div>
</body>
`;
