// Jest Snapshot v1, https://goo.gl/fbAQLP

exports[`ClientsTableHeader should render client table header successfully 1`] = `
<body>
  <div>
    <div
      class="grid grid-cols-12 gap-6 py-6 px-10 border-b-[2px] border-neutral-100"
    >
      <div
        class="col-span-4"
      >
        <span
          class="font-bold"
        >
          Name
        </span>
      </div>
      <div
        class="col-span-4"
      >
        <span
          class="font-bold"
        >
          Phone
        </span>
      </div>
      <div
        class="col-span-4"
      >
        <span
          class="font-bold"
        >
          Email
        </span>
      </div>
    </div>
  </div>
</body>
`;
